{"status":"SET"}
{"status":"APPEND"}
{"status":"APPEND"}
{"status":"APPEND"}
{"status":"SET"}
{"status":"FILTEREACH"}
{"output":[],"status":"RETURNING"}
