{"status":"CREATE_PRINCIPAL"}
{"output":"success","status":"RETURNING"}
