{"status":"CREATE_PRINCIPAL"}
{"status":"CHANGE_PASSWORD"}
{"output":"success","status":"RETURNING"}
