{"status":"SET"}
{"output":"failure","status":"RETURNING"}
