{"status":"SET"}
{"output":"success","status":"RETURNING"}
